{
  "errors": [
    {
      "message": "Unexpected Execution Error",
      "locations": [
        {
          "line": 3,
          "column": 17
        }
      ],
      "path": [
        "registerAttendee"
      ]
    }
  ]
}
